Sun Aug 17 01:00:01 CDT 2025: Starting nightly maintenance (price refresh + materialized views)
Sun Aug 17 01:00:01 CDT 2025: Starting price refresh...
Traceback (most recent call last):
  File "/Users/joeyfoley/cursor_1/discogs_project/apps/postgres/discogs_collection_postgres_lab/discogs_downloader.py", line 13, in <module>
    import requests
ModuleNotFoundError: No module named 'requests'
Sun Aug 17 01:00:01 CDT 2025: Price refresh failed with exit code 1
Sun Aug 17 01:00:01 CDT 2025: Starting materialized views refresh...
Traceback (most recent call last):
  File "/Users/joeyfoley/cursor_1/discogs_project/apps/postgres/discogs_collection_postgres_lab/refresh_views.py", line 15, in <module>
    from core.database import PostgreSQLConnection
  File "/Users/joeyfoley/cursor_1/discogs_project/apps/postgres/discogs_collection_postgres_lab/core/database.py", line 5, in <module>
    import psycopg2
ModuleNotFoundError: No module named 'psycopg2'
Sun Aug 17 01:00:01 CDT 2025: Materialized views refresh failed with exit code 1
Sun Aug 17 01:00:01 CDT 2025: Nightly maintenance completed with errors (Price exit code: 1, Views exit code: 1)
----------------------------------------
Mon Aug 18 01:00:00 CDT 2025: Starting nightly maintenance (price refresh + materialized views)
Mon Aug 18 01:00:00 CDT 2025: Starting price refresh...
Traceback (most recent call last):
  File "/Users/joeyfoley/cursor_1/discogs_project/apps/postgres/discogs_collection_postgres_lab/discogs_downloader.py", line 13, in <module>
    import requests
ModuleNotFoundError: No module named 'requests'
Mon Aug 18 01:00:00 CDT 2025: Price refresh failed with exit code 1
Mon Aug 18 01:00:00 CDT 2025: Starting materialized views refresh...
Traceback (most recent call last):
  File "/Users/joeyfoley/cursor_1/discogs_project/apps/postgres/discogs_collection_postgres_lab/refresh_views.py", line 15, in <module>
    from core.database import PostgreSQLConnection
  File "/Users/joeyfoley/cursor_1/discogs_project/apps/postgres/discogs_collection_postgres_lab/core/database.py", line 5, in <module>
    import psycopg2
ModuleNotFoundError: No module named 'psycopg2'
Mon Aug 18 01:00:00 CDT 2025: Materialized views refresh failed with exit code 1
Mon Aug 18 01:00:00 CDT 2025: Nightly maintenance completed with errors (Price exit code: 1, Views exit code: 1)
----------------------------------------
Tue Aug 19 01:00:00 CDT 2025: Starting nightly maintenance (price refresh + materialized views)
Tue Aug 19 01:00:00 CDT 2025: Starting price refresh...
Traceback (most recent call last):
  File "/Users/joeyfoley/cursor_1/discogs_project/apps/postgres/discogs_collection_postgres_lab/discogs_downloader.py", line 13, in <module>
    import requests
ModuleNotFoundError: No module named 'requests'
Tue Aug 19 01:00:00 CDT 2025: Price refresh failed with exit code 1
Tue Aug 19 01:00:00 CDT 2025: Starting materialized views refresh...
Traceback (most recent call last):
  File "/Users/joeyfoley/cursor_1/discogs_project/apps/postgres/discogs_collection_postgres_lab/refresh_views.py", line 15, in <module>
    from core.database import PostgreSQLConnection
  File "/Users/joeyfoley/cursor_1/discogs_project/apps/postgres/discogs_collection_postgres_lab/core/database.py", line 5, in <module>
    import psycopg2
ModuleNotFoundError: No module named 'psycopg2'
Tue Aug 19 01:00:00 CDT 2025: Materialized views refresh failed with exit code 1
Tue Aug 19 01:00:00 CDT 2025: Nightly maintenance completed with errors (Price exit code: 1, Views exit code: 1)
----------------------------------------
Wed Aug 20 01:00:00 CDT 2025: Starting nightly maintenance (price refresh + materialized views)
Wed Aug 20 01:00:00 CDT 2025: Starting price refresh...
Traceback (most recent call last):
  File "/Users/joeyfoley/cursor_1/discogs_project/apps/postgres/discogs_collection_postgres_lab/discogs_downloader.py", line 13, in <module>
    import requests
ModuleNotFoundError: No module named 'requests'
Wed Aug 20 01:00:01 CDT 2025: Price refresh failed with exit code 1
Wed Aug 20 01:00:01 CDT 2025: Starting materialized views refresh...
Traceback (most recent call last):
  File "/Users/joeyfoley/cursor_1/discogs_project/apps/postgres/discogs_collection_postgres_lab/refresh_views.py", line 15, in <module>
    from core.database import PostgreSQLConnection
  File "/Users/joeyfoley/cursor_1/discogs_project/apps/postgres/discogs_collection_postgres_lab/core/database.py", line 5, in <module>
    import psycopg2
ModuleNotFoundError: No module named 'psycopg2'
Wed Aug 20 01:00:01 CDT 2025: Materialized views refresh failed with exit code 1
Wed Aug 20 01:00:01 CDT 2025: Nightly maintenance completed with errors (Price exit code: 1, Views exit code: 1)
----------------------------------------
Thu Aug 21 01:00:01 CDT 2025: Starting nightly maintenance (price refresh + materialized views)
Thu Aug 21 01:00:01 CDT 2025: Starting price refresh...
Traceback (most recent call last):
  File "/Users/joeyfoley/cursor_1/discogs_project/apps/postgres/discogs_collection_postgres_lab/discogs_downloader.py", line 13, in <module>
    import requests
ModuleNotFoundError: No module named 'requests'
Thu Aug 21 01:00:01 CDT 2025: Price refresh failed with exit code 1
Thu Aug 21 01:00:01 CDT 2025: Starting materialized views refresh...
Traceback (most recent call last):
  File "/Users/joeyfoley/cursor_1/discogs_project/apps/postgres/discogs_collection_postgres_lab/refresh_views.py", line 15, in <module>
    from core.database import PostgreSQLConnection
  File "/Users/joeyfoley/cursor_1/discogs_project/apps/postgres/discogs_collection_postgres_lab/core/database.py", line 5, in <module>
    import psycopg2
ModuleNotFoundError: No module named 'psycopg2'
Thu Aug 21 01:00:01 CDT 2025: Materialized views refresh failed with exit code 1
Thu Aug 21 01:00:01 CDT 2025: Nightly maintenance completed with errors (Price exit code: 1, Views exit code: 1)
----------------------------------------
Fri Aug 22 01:00:00 CDT 2025: Starting nightly maintenance (price refresh + materialized views)
Fri Aug 22 01:00:00 CDT 2025: Starting price refresh...
Traceback (most recent call last):
  File "/Users/joeyfoley/cursor_1/discogs_project/apps/postgres/discogs_collection_postgres_lab/discogs_downloader.py", line 13, in <module>
    import requests
ModuleNotFoundError: No module named 'requests'
Fri Aug 22 01:00:01 CDT 2025: Price refresh failed with exit code 1
Fri Aug 22 01:00:01 CDT 2025: Starting materialized views refresh...
Traceback (most recent call last):
  File "/Users/joeyfoley/cursor_1/discogs_project/apps/postgres/discogs_collection_postgres_lab/refresh_views.py", line 15, in <module>
    from core.database import PostgreSQLConnection
  File "/Users/joeyfoley/cursor_1/discogs_project/apps/postgres/discogs_collection_postgres_lab/core/database.py", line 5, in <module>
    import psycopg2
ModuleNotFoundError: No module named 'psycopg2'
Fri Aug 22 01:00:01 CDT 2025: Materialized views refresh failed with exit code 1
Fri Aug 22 01:00:01 CDT 2025: Nightly maintenance completed with errors (Price exit code: 1, Views exit code: 1)
----------------------------------------
Sat Aug 23 01:00:00 CDT 2025: Starting nightly maintenance (price refresh + materialized views)
Sat Aug 23 01:00:00 CDT 2025: Starting price refresh...
Traceback (most recent call last):
  File "/Users/joeyfoley/cursor_1/discogs_project/apps/postgres/discogs_collection_postgres_lab/discogs_downloader.py", line 13, in <module>
    import requests
ModuleNotFoundError: No module named 'requests'
Sat Aug 23 01:00:00 CDT 2025: Price refresh failed with exit code 1
Sat Aug 23 01:00:00 CDT 2025: Starting materialized views refresh...
Traceback (most recent call last):
  File "/Users/joeyfoley/cursor_1/discogs_project/apps/postgres/discogs_collection_postgres_lab/refresh_views.py", line 15, in <module>
    from core.database import PostgreSQLConnection
  File "/Users/joeyfoley/cursor_1/discogs_project/apps/postgres/discogs_collection_postgres_lab/core/database.py", line 5, in <module>
    import psycopg2
ModuleNotFoundError: No module named 'psycopg2'
Sat Aug 23 01:00:00 CDT 2025: Materialized views refresh failed with exit code 1
Sat Aug 23 01:00:00 CDT 2025: Nightly maintenance completed with errors (Price exit code: 1, Views exit code: 1)
----------------------------------------
Sun Aug 24 01:00:00 CDT 2025: Starting nightly maintenance (price refresh + materialized views)
Sun Aug 24 01:00:00 CDT 2025: Starting price refresh...
Traceback (most recent call last):
  File "/Users/joeyfoley/cursor_1/discogs_project/apps/postgres/discogs_collection_postgres_lab/discogs_downloader.py", line 13, in <module>
    import requests
ModuleNotFoundError: No module named 'requests'
Sun Aug 24 01:00:00 CDT 2025: Price refresh failed with exit code 1
Sun Aug 24 01:00:00 CDT 2025: Starting materialized views refresh...
Traceback (most recent call last):
  File "/Users/joeyfoley/cursor_1/discogs_project/apps/postgres/discogs_collection_postgres_lab/refresh_views.py", line 15, in <module>
    from core.database import PostgreSQLConnection
  File "/Users/joeyfoley/cursor_1/discogs_project/apps/postgres/discogs_collection_postgres_lab/core/database.py", line 5, in <module>
    import psycopg2
ModuleNotFoundError: No module named 'psycopg2'
Sun Aug 24 01:00:01 CDT 2025: Materialized views refresh failed with exit code 1
Sun Aug 24 01:00:01 CDT 2025: Nightly maintenance completed with errors (Price exit code: 1, Views exit code: 1)
----------------------------------------
Mon Aug 25 01:00:01 CDT 2025: Starting nightly maintenance (price refresh + materialized views)
Mon Aug 25 01:00:01 CDT 2025: Starting price refresh...
Traceback (most recent call last):
  File "/Users/joeyfoley/cursor_1/discogs_project/apps/postgres/discogs_collection_postgres_lab/discogs_downloader.py", line 13, in <module>
    import requests
ModuleNotFoundError: No module named 'requests'
Mon Aug 25 01:00:01 CDT 2025: Price refresh failed with exit code 1
Mon Aug 25 01:00:01 CDT 2025: Starting materialized views refresh...
Traceback (most recent call last):
  File "/Users/joeyfoley/cursor_1/discogs_project/apps/postgres/discogs_collection_postgres_lab/refresh_views.py", line 15, in <module>
    from core.database import PostgreSQLConnection
  File "/Users/joeyfoley/cursor_1/discogs_project/apps/postgres/discogs_collection_postgres_lab/core/database.py", line 5, in <module>
    import psycopg2
ModuleNotFoundError: No module named 'psycopg2'
Mon Aug 25 01:00:01 CDT 2025: Materialized views refresh failed with exit code 1
Mon Aug 25 01:00:01 CDT 2025: Nightly maintenance completed with errors (Price exit code: 1, Views exit code: 1)
----------------------------------------
Tue Aug 26 01:00:00 CDT 2025: Starting nightly maintenance (price refresh + materialized views)
Tue Aug 26 01:00:00 CDT 2025: Starting price refresh...
Traceback (most recent call last):
  File "/Users/joeyfoley/cursor_1/discogs_project/apps/postgres/discogs_collection_postgres_lab/discogs_downloader.py", line 13, in <module>
    import requests
ModuleNotFoundError: No module named 'requests'
Tue Aug 26 01:00:00 CDT 2025: Price refresh failed with exit code 1
Tue Aug 26 01:00:00 CDT 2025: Starting materialized views refresh...
Traceback (most recent call last):
  File "/Users/joeyfoley/cursor_1/discogs_project/apps/postgres/discogs_collection_postgres_lab/refresh_views.py", line 15, in <module>
    from core.database import PostgreSQLConnection
  File "/Users/joeyfoley/cursor_1/discogs_project/apps/postgres/discogs_collection_postgres_lab/core/database.py", line 5, in <module>
    import psycopg2
ModuleNotFoundError: No module named 'psycopg2'
Tue Aug 26 01:00:00 CDT 2025: Materialized views refresh failed with exit code 1
Tue Aug 26 01:00:00 CDT 2025: Nightly maintenance completed with errors (Price exit code: 1, Views exit code: 1)
----------------------------------------
Wed Aug 27 01:00:00 CDT 2025: Starting nightly maintenance (price refresh + materialized views)
Wed Aug 27 01:00:00 CDT 2025: Starting price refresh...
Traceback (most recent call last):
  File "/Users/joeyfoley/cursor_1/discogs_project/apps/postgres/discogs_collection_postgres_lab/discogs_downloader.py", line 13, in <module>
    import requests
ModuleNotFoundError: No module named 'requests'
Wed Aug 27 01:00:00 CDT 2025: Price refresh failed with exit code 1
Wed Aug 27 01:00:00 CDT 2025: Starting materialized views refresh...
Traceback (most recent call last):
  File "/Users/joeyfoley/cursor_1/discogs_project/apps/postgres/discogs_collection_postgres_lab/refresh_views.py", line 15, in <module>
    from core.database import PostgreSQLConnection
  File "/Users/joeyfoley/cursor_1/discogs_project/apps/postgres/discogs_collection_postgres_lab/core/database.py", line 5, in <module>
    import psycopg2
ModuleNotFoundError: No module named 'psycopg2'
Wed Aug 27 01:00:00 CDT 2025: Materialized views refresh failed with exit code 1
Wed Aug 27 01:00:00 CDT 2025: Nightly maintenance completed with errors (Price exit code: 1, Views exit code: 1)
----------------------------------------
Thu Aug 28 01:00:00 CDT 2025: Starting nightly maintenance (price refresh + materialized views)
Thu Aug 28 01:00:00 CDT 2025: Starting price refresh...
Traceback (most recent call last):
  File "/Users/joeyfoley/cursor_1/discogs_project/apps/postgres/discogs_collection_postgres_lab/discogs_downloader.py", line 13, in <module>
    import requests
ModuleNotFoundError: No module named 'requests'
Thu Aug 28 01:00:01 CDT 2025: Price refresh failed with exit code 1
Thu Aug 28 01:00:01 CDT 2025: Starting materialized views refresh...
Traceback (most recent call last):
  File "/Users/joeyfoley/cursor_1/discogs_project/apps/postgres/discogs_collection_postgres_lab/refresh_views.py", line 15, in <module>
    from core.database import PostgreSQLConnection
  File "/Users/joeyfoley/cursor_1/discogs_project/apps/postgres/discogs_collection_postgres_lab/core/database.py", line 5, in <module>
    import psycopg2
ModuleNotFoundError: No module named 'psycopg2'
Thu Aug 28 01:00:01 CDT 2025: Materialized views refresh failed with exit code 1
Thu Aug 28 01:00:01 CDT 2025: Nightly maintenance completed with errors (Price exit code: 1, Views exit code: 1)
----------------------------------------
Fri Aug 29 01:00:00 CDT 2025: Starting nightly maintenance (price refresh + materialized views)
Fri Aug 29 01:00:00 CDT 2025: Starting price refresh...
Traceback (most recent call last):
  File "/Users/joeyfoley/cursor_1/discogs_project/apps/postgres/discogs_collection_postgres_lab/discogs_downloader.py", line 13, in <module>
    import requests
ModuleNotFoundError: No module named 'requests'
Fri Aug 29 01:00:00 CDT 2025: Price refresh failed with exit code 1
Fri Aug 29 01:00:00 CDT 2025: Starting materialized views refresh...
Traceback (most recent call last):
  File "/Users/joeyfoley/cursor_1/discogs_project/apps/postgres/discogs_collection_postgres_lab/refresh_views.py", line 15, in <module>
    from core.database import PostgreSQLConnection
  File "/Users/joeyfoley/cursor_1/discogs_project/apps/postgres/discogs_collection_postgres_lab/core/database.py", line 5, in <module>
    import psycopg2
ModuleNotFoundError: No module named 'psycopg2'
Fri Aug 29 01:00:00 CDT 2025: Materialized views refresh failed with exit code 1
Fri Aug 29 01:00:00 CDT 2025: Nightly maintenance completed with errors (Price exit code: 1, Views exit code: 1)
----------------------------------------
Sat Aug 30 01:00:01 CDT 2025: Starting nightly maintenance (price refresh + materialized views)
Sat Aug 30 01:00:01 CDT 2025: Starting price refresh...
Traceback (most recent call last):
  File "/Users/joeyfoley/cursor_1/discogs_project/apps/postgres/discogs_collection_postgres_lab/discogs_downloader.py", line 13, in <module>
    import requests
ModuleNotFoundError: No module named 'requests'
Sat Aug 30 01:00:01 CDT 2025: Price refresh failed with exit code 1
Sat Aug 30 01:00:01 CDT 2025: Starting materialized views refresh...
Traceback (most recent call last):
  File "/Users/joeyfoley/cursor_1/discogs_project/apps/postgres/discogs_collection_postgres_lab/refresh_views.py", line 15, in <module>
    from core.database import PostgreSQLConnection
  File "/Users/joeyfoley/cursor_1/discogs_project/apps/postgres/discogs_collection_postgres_lab/core/database.py", line 5, in <module>
    import psycopg2
ModuleNotFoundError: No module named 'psycopg2'
Sat Aug 30 01:00:01 CDT 2025: Materialized views refresh failed with exit code 1
Sat Aug 30 01:00:01 CDT 2025: Nightly maintenance completed with errors (Price exit code: 1, Views exit code: 1)
----------------------------------------
Sun Aug 31 01:00:00 CDT 2025: Starting nightly maintenance (price refresh + materialized views)
Sun Aug 31 01:00:00 CDT 2025: Starting price refresh...
Traceback (most recent call last):
  File "/Users/joeyfoley/cursor_1/discogs_project/apps/postgres/discogs_collection_postgres_lab/discogs_downloader.py", line 13, in <module>
    import requests
ModuleNotFoundError: No module named 'requests'
Sun Aug 31 01:00:00 CDT 2025: Price refresh failed with exit code 1
Sun Aug 31 01:00:00 CDT 2025: Starting materialized views refresh...
Traceback (most recent call last):
  File "/Users/joeyfoley/cursor_1/discogs_project/apps/postgres/discogs_collection_postgres_lab/refresh_views.py", line 15, in <module>
    from core.database import PostgreSQLConnection
  File "/Users/joeyfoley/cursor_1/discogs_project/apps/postgres/discogs_collection_postgres_lab/core/database.py", line 5, in <module>
    import psycopg2
ModuleNotFoundError: No module named 'psycopg2'
Sun Aug 31 01:00:01 CDT 2025: Materialized views refresh failed with exit code 1
Sun Aug 31 01:00:01 CDT 2025: Nightly maintenance completed with errors (Price exit code: 1, Views exit code: 1)
----------------------------------------
Mon Sep  1 01:00:00 CDT 2025: Starting nightly maintenance (price refresh + materialized views)
Mon Sep  1 01:00:00 CDT 2025: Starting price refresh...
Traceback (most recent call last):
  File "/Users/joeyfoley/cursor_1/discogs_project/apps/postgres/discogs_collection_postgres_lab/discogs_downloader.py", line 13, in <module>
    import requests
ModuleNotFoundError: No module named 'requests'
Mon Sep  1 01:00:01 CDT 2025: Price refresh failed with exit code 1
Mon Sep  1 01:00:01 CDT 2025: Starting materialized views refresh...
Traceback (most recent call last):
  File "/Users/joeyfoley/cursor_1/discogs_project/apps/postgres/discogs_collection_postgres_lab/refresh_views.py", line 15, in <module>
    from core.database import PostgreSQLConnection
  File "/Users/joeyfoley/cursor_1/discogs_project/apps/postgres/discogs_collection_postgres_lab/core/database.py", line 5, in <module>
    import psycopg2
ModuleNotFoundError: No module named 'psycopg2'
Mon Sep  1 01:00:01 CDT 2025: Materialized views refresh failed with exit code 1
Mon Sep  1 01:00:01 CDT 2025: Nightly maintenance completed with errors (Price exit code: 1, Views exit code: 1)
----------------------------------------
Tue Sep  2 01:00:00 CDT 2025: Starting nightly maintenance (price refresh + materialized views)
Tue Sep  2 01:00:00 CDT 2025: Starting price refresh...
Traceback (most recent call last):
  File "/Users/joeyfoley/cursor_1/discogs_project/apps/postgres/discogs_collection_postgres_lab/discogs_downloader.py", line 13, in <module>
    import requests
ModuleNotFoundError: No module named 'requests'
Tue Sep  2 01:00:01 CDT 2025: Price refresh failed with exit code 1
Tue Sep  2 01:00:01 CDT 2025: Starting materialized views refresh...
Traceback (most recent call last):
  File "/Users/joeyfoley/cursor_1/discogs_project/apps/postgres/discogs_collection_postgres_lab/refresh_views.py", line 15, in <module>
    from core.database import PostgreSQLConnection
  File "/Users/joeyfoley/cursor_1/discogs_project/apps/postgres/discogs_collection_postgres_lab/core/database.py", line 5, in <module>
    import psycopg2
ModuleNotFoundError: No module named 'psycopg2'
Tue Sep  2 01:00:01 CDT 2025: Materialized views refresh failed with exit code 1
Tue Sep  2 01:00:01 CDT 2025: Nightly maintenance completed with errors (Price exit code: 1, Views exit code: 1)
----------------------------------------
Wed Sep  3 01:00:01 CDT 2025: Starting nightly maintenance (price refresh + materialized views)
Wed Sep  3 01:00:01 CDT 2025: Starting price refresh...
Traceback (most recent call last):
  File "/Users/joeyfoley/cursor_1/discogs_project/apps/postgres/discogs_collection_postgres_lab/discogs_downloader.py", line 13, in <module>
    import requests
ModuleNotFoundError: No module named 'requests'
Wed Sep  3 01:00:01 CDT 2025: Price refresh failed with exit code 1
Wed Sep  3 01:00:01 CDT 2025: Starting materialized views refresh...
Traceback (most recent call last):
  File "/Users/joeyfoley/cursor_1/discogs_project/apps/postgres/discogs_collection_postgres_lab/refresh_views.py", line 15, in <module>
    from core.database import PostgreSQLConnection
  File "/Users/joeyfoley/cursor_1/discogs_project/apps/postgres/discogs_collection_postgres_lab/core/database.py", line 5, in <module>
    import psycopg2
ModuleNotFoundError: No module named 'psycopg2'
Wed Sep  3 01:00:01 CDT 2025: Materialized views refresh failed with exit code 1
Wed Sep  3 01:00:01 CDT 2025: Nightly maintenance completed with errors (Price exit code: 1, Views exit code: 1)
----------------------------------------
Thu Sep  4 01:00:00 CDT 2025: Starting nightly maintenance (price refresh + materialized views)
Thu Sep  4 01:00:00 CDT 2025: Starting price refresh...
Traceback (most recent call last):
  File "/Users/joeyfoley/cursor_1/discogs_project/apps/postgres/discogs_collection_postgres_lab/discogs_downloader.py", line 13, in <module>
    import requests
ModuleNotFoundError: No module named 'requests'
Thu Sep  4 01:00:00 CDT 2025: Price refresh failed with exit code 1
Thu Sep  4 01:00:00 CDT 2025: Starting materialized views refresh...
Traceback (most recent call last):
  File "/Users/joeyfoley/cursor_1/discogs_project/apps/postgres/discogs_collection_postgres_lab/refresh_views.py", line 15, in <module>
    from core.database import PostgreSQLConnection
  File "/Users/joeyfoley/cursor_1/discogs_project/apps/postgres/discogs_collection_postgres_lab/core/database.py", line 5, in <module>
    import psycopg2
ModuleNotFoundError: No module named 'psycopg2'
Thu Sep  4 01:00:00 CDT 2025: Materialized views refresh failed with exit code 1
Thu Sep  4 01:00:00 CDT 2025: Nightly maintenance completed with errors (Price exit code: 1, Views exit code: 1)
----------------------------------------
Fri Sep  5 01:00:00 CDT 2025: Starting nightly maintenance (price refresh + materialized views)
Fri Sep  5 01:00:00 CDT 2025: Starting price refresh...
Traceback (most recent call last):
  File "/Users/joeyfoley/cursor_1/discogs_project/apps/postgres/discogs_collection_postgres_lab/discogs_downloader.py", line 13, in <module>
    import requests
ModuleNotFoundError: No module named 'requests'
Fri Sep  5 01:00:00 CDT 2025: Price refresh failed with exit code 1
Fri Sep  5 01:00:00 CDT 2025: Starting materialized views refresh...
Traceback (most recent call last):
  File "/Users/joeyfoley/cursor_1/discogs_project/apps/postgres/discogs_collection_postgres_lab/refresh_views.py", line 15, in <module>
    from core.database import PostgreSQLConnection
  File "/Users/joeyfoley/cursor_1/discogs_project/apps/postgres/discogs_collection_postgres_lab/core/database.py", line 5, in <module>
    import psycopg2
ModuleNotFoundError: No module named 'psycopg2'
Fri Sep  5 01:00:01 CDT 2025: Materialized views refresh failed with exit code 1
Fri Sep  5 01:00:01 CDT 2025: Nightly maintenance completed with errors (Price exit code: 1, Views exit code: 1)
----------------------------------------
Sat Sep  6 01:00:00 CDT 2025: Starting nightly maintenance (price refresh + materialized views)
Sat Sep  6 01:00:00 CDT 2025: Starting price refresh...
Traceback (most recent call last):
  File "/Users/joeyfoley/cursor_1/discogs_project/apps/postgres/discogs_collection_postgres_lab/discogs_downloader.py", line 13, in <module>
    import requests
ModuleNotFoundError: No module named 'requests'
Sat Sep  6 01:00:00 CDT 2025: Price refresh failed with exit code 1
Sat Sep  6 01:00:00 CDT 2025: Starting materialized views refresh...
Traceback (most recent call last):
  File "/Users/joeyfoley/cursor_1/discogs_project/apps/postgres/discogs_collection_postgres_lab/refresh_views.py", line 15, in <module>
    from core.database import PostgreSQLConnection
  File "/Users/joeyfoley/cursor_1/discogs_project/apps/postgres/discogs_collection_postgres_lab/core/database.py", line 5, in <module>
    import psycopg2
ModuleNotFoundError: No module named 'psycopg2'
Sat Sep  6 01:00:00 CDT 2025: Materialized views refresh failed with exit code 1
Sat Sep  6 01:00:00 CDT 2025: Nightly maintenance completed with errors (Price exit code: 1, Views exit code: 1)
----------------------------------------
Sun Sep  7 01:00:01 CDT 2025: Starting nightly maintenance (price refresh + materialized views)
Sun Sep  7 01:00:01 CDT 2025: Starting price refresh...
Traceback (most recent call last):
  File "/Users/joeyfoley/cursor_1/discogs_project/apps/postgres/discogs_collection_postgres_lab/discogs_downloader.py", line 13, in <module>
    import requests
ModuleNotFoundError: No module named 'requests'
Sun Sep  7 01:00:01 CDT 2025: Price refresh failed with exit code 1
Sun Sep  7 01:00:01 CDT 2025: Starting materialized views refresh...
Traceback (most recent call last):
  File "/Users/joeyfoley/cursor_1/discogs_project/apps/postgres/discogs_collection_postgres_lab/refresh_views.py", line 15, in <module>
    from core.database import PostgreSQLConnection
  File "/Users/joeyfoley/cursor_1/discogs_project/apps/postgres/discogs_collection_postgres_lab/core/database.py", line 5, in <module>
    import psycopg2
ModuleNotFoundError: No module named 'psycopg2'
Sun Sep  7 01:00:01 CDT 2025: Materialized views refresh failed with exit code 1
Sun Sep  7 01:00:01 CDT 2025: Nightly maintenance completed with errors (Price exit code: 1, Views exit code: 1)
----------------------------------------
Mon Sep  8 01:00:00 CDT 2025: Starting nightly maintenance (price refresh + materialized views)
Mon Sep  8 01:00:00 CDT 2025: Starting price refresh...
Traceback (most recent call last):
  File "/Users/joeyfoley/cursor_1/discogs_project/apps/postgres/discogs_collection_postgres_lab/discogs_downloader.py", line 13, in <module>
    import requests
ModuleNotFoundError: No module named 'requests'
Mon Sep  8 01:00:00 CDT 2025: Price refresh failed with exit code 1
Mon Sep  8 01:00:00 CDT 2025: Starting materialized views refresh...
Traceback (most recent call last):
  File "/Users/joeyfoley/cursor_1/discogs_project/apps/postgres/discogs_collection_postgres_lab/refresh_views.py", line 15, in <module>
    from core.database import PostgreSQLConnection
  File "/Users/joeyfoley/cursor_1/discogs_project/apps/postgres/discogs_collection_postgres_lab/core/database.py", line 5, in <module>
    import psycopg2
ModuleNotFoundError: No module named 'psycopg2'
Mon Sep  8 01:00:01 CDT 2025: Materialized views refresh failed with exit code 1
Mon Sep  8 01:00:01 CDT 2025: Nightly maintenance completed with errors (Price exit code: 1, Views exit code: 1)
----------------------------------------
Tue Sep  9 01:00:00 CDT 2025: Starting nightly maintenance (price refresh + materialized views)
Tue Sep  9 01:00:00 CDT 2025: Starting price refresh...
Traceback (most recent call last):
  File "/Users/joeyfoley/cursor_1/discogs_project/apps/postgres/discogs_collection_postgres_lab/discogs_downloader.py", line 13, in <module>
    import requests
ModuleNotFoundError: No module named 'requests'
Tue Sep  9 01:00:00 CDT 2025: Price refresh failed with exit code 1
Tue Sep  9 01:00:00 CDT 2025: Starting materialized views refresh...
Traceback (most recent call last):
  File "/Users/joeyfoley/cursor_1/discogs_project/apps/postgres/discogs_collection_postgres_lab/refresh_views.py", line 15, in <module>
    from core.database import PostgreSQLConnection
  File "/Users/joeyfoley/cursor_1/discogs_project/apps/postgres/discogs_collection_postgres_lab/core/database.py", line 5, in <module>
    import psycopg2
ModuleNotFoundError: No module named 'psycopg2'
Tue Sep  9 01:00:00 CDT 2025: Materialized views refresh failed with exit code 1
Tue Sep  9 01:00:00 CDT 2025: Nightly maintenance completed with errors (Price exit code: 1, Views exit code: 1)
----------------------------------------
Wed Sep 10 01:00:00 CDT 2025: Starting nightly maintenance (price refresh + materialized views)
Wed Sep 10 01:00:00 CDT 2025: Starting price refresh...
Traceback (most recent call last):
  File "/Users/joeyfoley/cursor_1/discogs_project/apps/postgres/discogs_collection_postgres_lab/discogs_downloader.py", line 13, in <module>
    import requests
ModuleNotFoundError: No module named 'requests'
Wed Sep 10 01:00:00 CDT 2025: Price refresh failed with exit code 1
Wed Sep 10 01:00:00 CDT 2025: Starting materialized views refresh...
Traceback (most recent call last):
  File "/Users/joeyfoley/cursor_1/discogs_project/apps/postgres/discogs_collection_postgres_lab/refresh_views.py", line 15, in <module>
    from core.database import PostgreSQLConnection
  File "/Users/joeyfoley/cursor_1/discogs_project/apps/postgres/discogs_collection_postgres_lab/core/database.py", line 5, in <module>
    import psycopg2
ModuleNotFoundError: No module named 'psycopg2'
Wed Sep 10 01:00:00 CDT 2025: Materialized views refresh failed with exit code 1
Wed Sep 10 01:00:00 CDT 2025: Nightly maintenance completed with errors (Price exit code: 1, Views exit code: 1)
----------------------------------------
Thu Sep 11 01:00:00 CDT 2025: Starting nightly maintenance (price refresh + materialized views)
Thu Sep 11 01:00:00 CDT 2025: Starting price refresh...
Traceback (most recent call last):
  File "/Users/joeyfoley/cursor_1/discogs_project/apps/postgres/discogs_collection_postgres_lab/discogs_downloader.py", line 13, in <module>
    import requests
ModuleNotFoundError: No module named 'requests'
Thu Sep 11 01:00:00 CDT 2025: Price refresh failed with exit code 1
Thu Sep 11 01:00:00 CDT 2025: Starting materialized views refresh...
Traceback (most recent call last):
  File "/Users/joeyfoley/cursor_1/discogs_project/apps/postgres/discogs_collection_postgres_lab/refresh_views.py", line 15, in <module>
    from core.database import PostgreSQLConnection
  File "/Users/joeyfoley/cursor_1/discogs_project/apps/postgres/discogs_collection_postgres_lab/core/database.py", line 5, in <module>
    import psycopg2
ModuleNotFoundError: No module named 'psycopg2'
Thu Sep 11 01:00:00 CDT 2025: Materialized views refresh failed with exit code 1
Thu Sep 11 01:00:00 CDT 2025: Nightly maintenance completed with errors (Price exit code: 1, Views exit code: 1)
----------------------------------------
Fri Sep 12 01:00:00 CDT 2025: Starting nightly maintenance (price refresh + materialized views)
Fri Sep 12 01:00:00 CDT 2025: Starting price refresh...
Traceback (most recent call last):
  File "/Users/joeyfoley/cursor_1/discogs_project/apps/postgres/discogs_collection_postgres_lab/discogs_downloader.py", line 13, in <module>
    import requests
ModuleNotFoundError: No module named 'requests'
Fri Sep 12 01:00:01 CDT 2025: Price refresh failed with exit code 1
Fri Sep 12 01:00:01 CDT 2025: Starting materialized views refresh...
Traceback (most recent call last):
  File "/Users/joeyfoley/cursor_1/discogs_project/apps/postgres/discogs_collection_postgres_lab/refresh_views.py", line 15, in <module>
    from core.database import PostgreSQLConnection
  File "/Users/joeyfoley/cursor_1/discogs_project/apps/postgres/discogs_collection_postgres_lab/core/database.py", line 5, in <module>
    import psycopg2
ModuleNotFoundError: No module named 'psycopg2'
Fri Sep 12 01:00:01 CDT 2025: Materialized views refresh failed with exit code 1
Fri Sep 12 01:00:01 CDT 2025: Nightly maintenance completed with errors (Price exit code: 1, Views exit code: 1)
----------------------------------------
Sat Sep 13 01:00:00 CDT 2025: Starting nightly maintenance (price refresh + materialized views)
Sat Sep 13 01:00:00 CDT 2025: Starting price refresh...
Traceback (most recent call last):
  File "/Users/joeyfoley/cursor_1/discogs_project/apps/postgres/discogs_collection_postgres_lab/discogs_downloader.py", line 13, in <module>
    import requests
ModuleNotFoundError: No module named 'requests'
Sat Sep 13 01:00:00 CDT 2025: Price refresh failed with exit code 1
Sat Sep 13 01:00:00 CDT 2025: Starting materialized views refresh...
Traceback (most recent call last):
  File "/Users/joeyfoley/cursor_1/discogs_project/apps/postgres/discogs_collection_postgres_lab/refresh_views.py", line 15, in <module>
    from core.database import PostgreSQLConnection
  File "/Users/joeyfoley/cursor_1/discogs_project/apps/postgres/discogs_collection_postgres_lab/core/database.py", line 5, in <module>
    import psycopg2
ModuleNotFoundError: No module named 'psycopg2'
Sat Sep 13 01:00:00 CDT 2025: Materialized views refresh failed with exit code 1
Sat Sep 13 01:00:00 CDT 2025: Nightly maintenance completed with errors (Price exit code: 1, Views exit code: 1)
----------------------------------------
Sun Sep 14 01:00:01 CDT 2025: Starting nightly maintenance (price refresh + materialized views)
Sun Sep 14 01:00:01 CDT 2025: Starting price refresh...
Traceback (most recent call last):
  File "/Users/joeyfoley/cursor_1/discogs_project/apps/postgres/discogs_collection_postgres_lab/discogs_downloader.py", line 13, in <module>
    import requests
ModuleNotFoundError: No module named 'requests'
Sun Sep 14 01:00:01 CDT 2025: Price refresh failed with exit code 1
Sun Sep 14 01:00:01 CDT 2025: Starting materialized views refresh...
Traceback (most recent call last):
  File "/Users/joeyfoley/cursor_1/discogs_project/apps/postgres/discogs_collection_postgres_lab/refresh_views.py", line 15, in <module>
    from core.database import PostgreSQLConnection
  File "/Users/joeyfoley/cursor_1/discogs_project/apps/postgres/discogs_collection_postgres_lab/core/database.py", line 5, in <module>
    import psycopg2
ModuleNotFoundError: No module named 'psycopg2'
Sun Sep 14 01:00:01 CDT 2025: Materialized views refresh failed with exit code 1
Sun Sep 14 01:00:01 CDT 2025: Nightly maintenance completed with errors (Price exit code: 1, Views exit code: 1)
----------------------------------------
Mon Sep 15 01:00:00 CDT 2025: Starting nightly maintenance (price refresh + materialized views)
Mon Sep 15 01:00:00 CDT 2025: Starting price refresh...
Traceback (most recent call last):
  File "/Users/joeyfoley/cursor_1/discogs_project/apps/postgres/discogs_collection_postgres_lab/discogs_downloader.py", line 13, in <module>
    import requests
ModuleNotFoundError: No module named 'requests'
Mon Sep 15 01:00:00 CDT 2025: Price refresh failed with exit code 1
Mon Sep 15 01:00:00 CDT 2025: Starting materialized views refresh...
Traceback (most recent call last):
  File "/Users/joeyfoley/cursor_1/discogs_project/apps/postgres/discogs_collection_postgres_lab/refresh_views.py", line 15, in <module>
    from core.database import PostgreSQLConnection
  File "/Users/joeyfoley/cursor_1/discogs_project/apps/postgres/discogs_collection_postgres_lab/core/database.py", line 5, in <module>
    import psycopg2
ModuleNotFoundError: No module named 'psycopg2'
Mon Sep 15 01:00:00 CDT 2025: Materialized views refresh failed with exit code 1
Mon Sep 15 01:00:00 CDT 2025: Nightly maintenance completed with errors (Price exit code: 1, Views exit code: 1)
----------------------------------------
Tue Sep 16 01:00:00 CDT 2025: Starting nightly maintenance (price refresh + materialized views)
Tue Sep 16 01:00:00 CDT 2025: Starting price refresh...
Traceback (most recent call last):
  File "/Users/joeyfoley/cursor_1/discogs_project/apps/postgres/discogs_collection_postgres_lab/discogs_downloader.py", line 13, in <module>
    import requests
ModuleNotFoundError: No module named 'requests'
Tue Sep 16 01:00:00 CDT 2025: Price refresh failed with exit code 1
Tue Sep 16 01:00:00 CDT 2025: Starting materialized views refresh...
Traceback (most recent call last):
  File "/Users/joeyfoley/cursor_1/discogs_project/apps/postgres/discogs_collection_postgres_lab/refresh_views.py", line 15, in <module>
    from core.database import PostgreSQLConnection
  File "/Users/joeyfoley/cursor_1/discogs_project/apps/postgres/discogs_collection_postgres_lab/core/database.py", line 5, in <module>
    import psycopg2
ModuleNotFoundError: No module named 'psycopg2'
Tue Sep 16 01:00:00 CDT 2025: Materialized views refresh failed with exit code 1
Tue Sep 16 01:00:00 CDT 2025: Nightly maintenance completed with errors (Price exit code: 1, Views exit code: 1)
----------------------------------------
Wed Sep 17 01:00:00 CDT 2025: Starting nightly maintenance (price refresh + materialized views)
Wed Sep 17 01:00:00 CDT 2025: Starting price refresh...
Traceback (most recent call last):
  File "/Users/joeyfoley/cursor_1/discogs_project/apps/postgres/discogs_collection_postgres_lab/discogs_downloader.py", line 13, in <module>
    import requests
ModuleNotFoundError: No module named 'requests'
Wed Sep 17 01:00:00 CDT 2025: Price refresh failed with exit code 1
Wed Sep 17 01:00:00 CDT 2025: Starting materialized views refresh...
Traceback (most recent call last):
  File "/Users/joeyfoley/cursor_1/discogs_project/apps/postgres/discogs_collection_postgres_lab/refresh_views.py", line 15, in <module>
    from core.database import PostgreSQLConnection
  File "/Users/joeyfoley/cursor_1/discogs_project/apps/postgres/discogs_collection_postgres_lab/core/database.py", line 5, in <module>
    import psycopg2
ModuleNotFoundError: No module named 'psycopg2'
Wed Sep 17 01:00:00 CDT 2025: Materialized views refresh failed with exit code 1
Wed Sep 17 01:00:00 CDT 2025: Nightly maintenance completed with errors (Price exit code: 1, Views exit code: 1)
----------------------------------------
Thu Sep 18 01:00:00 CDT 2025: Starting nightly maintenance (price refresh + materialized views)
Thu Sep 18 01:00:00 CDT 2025: Starting price refresh...
Traceback (most recent call last):
  File "/Users/joeyfoley/cursor_1/discogs_project/apps/postgres/discogs_collection_postgres_lab/discogs_downloader.py", line 13, in <module>
    import requests
ModuleNotFoundError: No module named 'requests'
Thu Sep 18 01:00:00 CDT 2025: Price refresh failed with exit code 1
Thu Sep 18 01:00:00 CDT 2025: Starting materialized views refresh...
Traceback (most recent call last):
  File "/Users/joeyfoley/cursor_1/discogs_project/apps/postgres/discogs_collection_postgres_lab/refresh_views.py", line 15, in <module>
    from core.database import PostgreSQLConnection
  File "/Users/joeyfoley/cursor_1/discogs_project/apps/postgres/discogs_collection_postgres_lab/core/database.py", line 5, in <module>
    import psycopg2
ModuleNotFoundError: No module named 'psycopg2'
Thu Sep 18 01:00:00 CDT 2025: Materialized views refresh failed with exit code 1
Thu Sep 18 01:00:00 CDT 2025: Nightly maintenance completed with errors (Price exit code: 1, Views exit code: 1)
----------------------------------------
Fri Sep 19 01:00:01 CDT 2025: Starting nightly maintenance (price refresh + materialized views)
Fri Sep 19 01:00:01 CDT 2025: Starting price refresh...
Traceback (most recent call last):
  File "/Users/joeyfoley/cursor_1/discogs_project/apps/postgres/discogs_collection_postgres_lab/discogs_downloader.py", line 13, in <module>
    import requests
ModuleNotFoundError: No module named 'requests'
Fri Sep 19 01:00:02 CDT 2025: Price refresh failed with exit code 1
Fri Sep 19 01:00:02 CDT 2025: Starting materialized views refresh...
Traceback (most recent call last):
  File "/Users/joeyfoley/cursor_1/discogs_project/apps/postgres/discogs_collection_postgres_lab/refresh_views.py", line 15, in <module>
    from core.database import PostgreSQLConnection
  File "/Users/joeyfoley/cursor_1/discogs_project/apps/postgres/discogs_collection_postgres_lab/core/database.py", line 5, in <module>
    import psycopg2
ModuleNotFoundError: No module named 'psycopg2'
Fri Sep 19 01:00:02 CDT 2025: Materialized views refresh failed with exit code 1
Fri Sep 19 01:00:02 CDT 2025: Nightly maintenance completed with errors (Price exit code: 1, Views exit code: 1)
----------------------------------------
Sat Sep 20 01:00:00 CDT 2025: Starting nightly maintenance (price refresh + materialized views)
Sat Sep 20 01:00:00 CDT 2025: Starting price refresh...
Traceback (most recent call last):
  File "/Users/joeyfoley/cursor_1/discogs_project/apps/postgres/discogs_collection_postgres_lab/discogs_downloader.py", line 13, in <module>
    import requests
ModuleNotFoundError: No module named 'requests'
Sat Sep 20 01:00:00 CDT 2025: Price refresh failed with exit code 1
Sat Sep 20 01:00:00 CDT 2025: Starting materialized views refresh...
Traceback (most recent call last):
  File "/Users/joeyfoley/cursor_1/discogs_project/apps/postgres/discogs_collection_postgres_lab/refresh_views.py", line 15, in <module>
    from core.database import PostgreSQLConnection
  File "/Users/joeyfoley/cursor_1/discogs_project/apps/postgres/discogs_collection_postgres_lab/core/database.py", line 5, in <module>
    import psycopg2
ModuleNotFoundError: No module named 'psycopg2'
Sat Sep 20 01:00:00 CDT 2025: Materialized views refresh failed with exit code 1
Sat Sep 20 01:00:00 CDT 2025: Nightly maintenance completed with errors (Price exit code: 1, Views exit code: 1)
----------------------------------------
Sun Sep 21 01:00:00 CDT 2025: Starting nightly maintenance (price refresh + materialized views)
Sun Sep 21 01:00:00 CDT 2025: Starting price refresh...
Traceback (most recent call last):
  File "/Users/joeyfoley/cursor_1/discogs_project/apps/postgres/discogs_collection_postgres_lab/discogs_downloader.py", line 13, in <module>
    import requests
ModuleNotFoundError: No module named 'requests'
Sun Sep 21 01:00:00 CDT 2025: Price refresh failed with exit code 1
Sun Sep 21 01:00:00 CDT 2025: Starting materialized views refresh...
Traceback (most recent call last):
  File "/Users/joeyfoley/cursor_1/discogs_project/apps/postgres/discogs_collection_postgres_lab/refresh_views.py", line 15, in <module>
    from core.database import PostgreSQLConnection
  File "/Users/joeyfoley/cursor_1/discogs_project/apps/postgres/discogs_collection_postgres_lab/core/database.py", line 5, in <module>
    import psycopg2
ModuleNotFoundError: No module named 'psycopg2'
Sun Sep 21 01:00:00 CDT 2025: Materialized views refresh failed with exit code 1
Sun Sep 21 01:00:00 CDT 2025: Nightly maintenance completed with errors (Price exit code: 1, Views exit code: 1)
----------------------------------------
Mon Sep 22 01:00:00 CDT 2025: Starting nightly maintenance (price refresh + materialized views)
Mon Sep 22 01:00:00 CDT 2025: Starting price refresh...
Traceback (most recent call last):
  File "/Users/joeyfoley/cursor_1/discogs_project/apps/postgres/discogs_collection_postgres_lab/discogs_downloader.py", line 13, in <module>
    import requests
ModuleNotFoundError: No module named 'requests'
Mon Sep 22 01:00:00 CDT 2025: Price refresh failed with exit code 1
Mon Sep 22 01:00:00 CDT 2025: Starting materialized views refresh...
Traceback (most recent call last):
  File "/Users/joeyfoley/cursor_1/discogs_project/apps/postgres/discogs_collection_postgres_lab/refresh_views.py", line 15, in <module>
    from core.database import PostgreSQLConnection
  File "/Users/joeyfoley/cursor_1/discogs_project/apps/postgres/discogs_collection_postgres_lab/core/database.py", line 5, in <module>
    import psycopg2
ModuleNotFoundError: No module named 'psycopg2'
Mon Sep 22 01:00:00 CDT 2025: Materialized views refresh failed with exit code 1
Mon Sep 22 01:00:00 CDT 2025: Nightly maintenance completed with errors (Price exit code: 1, Views exit code: 1)
----------------------------------------
Tue Sep 23 01:00:01 CDT 2025: Starting nightly maintenance (price refresh + materialized views)
Tue Sep 23 01:00:01 CDT 2025: Starting price refresh...
Traceback (most recent call last):
  File "/Users/joeyfoley/cursor_1/discogs_project/apps/postgres/discogs_collection_postgres_lab/discogs_downloader.py", line 13, in <module>
    import requests
ModuleNotFoundError: No module named 'requests'
Tue Sep 23 01:00:01 CDT 2025: Price refresh failed with exit code 1
Tue Sep 23 01:00:01 CDT 2025: Starting materialized views refresh...
Traceback (most recent call last):
  File "/Users/joeyfoley/cursor_1/discogs_project/apps/postgres/discogs_collection_postgres_lab/refresh_views.py", line 15, in <module>
    from core.database import PostgreSQLConnection
  File "/Users/joeyfoley/cursor_1/discogs_project/apps/postgres/discogs_collection_postgres_lab/core/database.py", line 5, in <module>
    import psycopg2
ModuleNotFoundError: No module named 'psycopg2'
Tue Sep 23 01:00:01 CDT 2025: Materialized views refresh failed with exit code 1
Tue Sep 23 01:00:01 CDT 2025: Nightly maintenance completed with errors (Price exit code: 1, Views exit code: 1)
----------------------------------------
Wed Sep 24 01:00:00 CDT 2025: Starting nightly maintenance (price refresh + materialized views)
Wed Sep 24 01:00:00 CDT 2025: Starting price refresh...
Traceback (most recent call last):
  File "/Users/joeyfoley/cursor_1/discogs_project/apps/postgres/discogs_collection_postgres_lab/discogs_downloader.py", line 13, in <module>
    import requests
ModuleNotFoundError: No module named 'requests'
Wed Sep 24 01:00:01 CDT 2025: Price refresh failed with exit code 1
Wed Sep 24 01:00:01 CDT 2025: Starting materialized views refresh...
Traceback (most recent call last):
  File "/Users/joeyfoley/cursor_1/discogs_project/apps/postgres/discogs_collection_postgres_lab/refresh_views.py", line 15, in <module>
    from core.database import PostgreSQLConnection
  File "/Users/joeyfoley/cursor_1/discogs_project/apps/postgres/discogs_collection_postgres_lab/core/database.py", line 5, in <module>
    import psycopg2
ModuleNotFoundError: No module named 'psycopg2'
Wed Sep 24 01:00:01 CDT 2025: Materialized views refresh failed with exit code 1
Wed Sep 24 01:00:01 CDT 2025: Nightly maintenance completed with errors (Price exit code: 1, Views exit code: 1)
----------------------------------------
Thu Sep 25 01:00:00 CDT 2025: Starting nightly maintenance (price refresh + materialized views)
Thu Sep 25 01:00:00 CDT 2025: Starting price refresh...
Traceback (most recent call last):
  File "/Users/joeyfoley/cursor_1/discogs_project/apps/postgres/discogs_collection_postgres_lab/discogs_downloader.py", line 13, in <module>
    import requests
ModuleNotFoundError: No module named 'requests'
Thu Sep 25 01:00:00 CDT 2025: Price refresh failed with exit code 1
Thu Sep 25 01:00:00 CDT 2025: Starting materialized views refresh...
Traceback (most recent call last):
  File "/Users/joeyfoley/cursor_1/discogs_project/apps/postgres/discogs_collection_postgres_lab/refresh_views.py", line 15, in <module>
    from core.database import PostgreSQLConnection
  File "/Users/joeyfoley/cursor_1/discogs_project/apps/postgres/discogs_collection_postgres_lab/core/database.py", line 5, in <module>
    import psycopg2
ModuleNotFoundError: No module named 'psycopg2'
Thu Sep 25 01:00:00 CDT 2025: Materialized views refresh failed with exit code 1
Thu Sep 25 01:00:00 CDT 2025: Nightly maintenance completed with errors (Price exit code: 1, Views exit code: 1)
----------------------------------------
Fri Sep 26 01:00:00 CDT 2025: Starting nightly maintenance (price refresh + materialized views)
Fri Sep 26 01:00:00 CDT 2025: Starting price refresh...
Traceback (most recent call last):
  File "/Users/joeyfoley/cursor_1/discogs_project/apps/postgres/discogs_collection_postgres_lab/discogs_downloader.py", line 13, in <module>
    import requests
ModuleNotFoundError: No module named 'requests'
Fri Sep 26 01:00:01 CDT 2025: Price refresh failed with exit code 1
Fri Sep 26 01:00:01 CDT 2025: Starting materialized views refresh...
Traceback (most recent call last):
  File "/Users/joeyfoley/cursor_1/discogs_project/apps/postgres/discogs_collection_postgres_lab/refresh_views.py", line 15, in <module>
    from core.database import PostgreSQLConnection
  File "/Users/joeyfoley/cursor_1/discogs_project/apps/postgres/discogs_collection_postgres_lab/core/database.py", line 5, in <module>
    import psycopg2
ModuleNotFoundError: No module named 'psycopg2'
Fri Sep 26 01:00:01 CDT 2025: Materialized views refresh failed with exit code 1
Fri Sep 26 01:00:01 CDT 2025: Nightly maintenance completed with errors (Price exit code: 1, Views exit code: 1)
----------------------------------------
Sat Sep 27 01:00:01 CDT 2025: Starting nightly maintenance (price refresh + materialized views)
Sat Sep 27 01:00:01 CDT 2025: Starting price refresh...
Traceback (most recent call last):
  File "/Users/joeyfoley/cursor_1/discogs_project/apps/postgres/discogs_collection_postgres_lab/discogs_downloader.py", line 13, in <module>
    import requests
ModuleNotFoundError: No module named 'requests'
Sat Sep 27 01:00:01 CDT 2025: Price refresh failed with exit code 1
Sat Sep 27 01:00:01 CDT 2025: Starting materialized views refresh...
Traceback (most recent call last):
  File "/Users/joeyfoley/cursor_1/discogs_project/apps/postgres/discogs_collection_postgres_lab/refresh_views.py", line 15, in <module>
    from core.database import PostgreSQLConnection
  File "/Users/joeyfoley/cursor_1/discogs_project/apps/postgres/discogs_collection_postgres_lab/core/database.py", line 5, in <module>
    import psycopg2
ModuleNotFoundError: No module named 'psycopg2'
Sat Sep 27 01:00:01 CDT 2025: Materialized views refresh failed with exit code 1
Sat Sep 27 01:00:01 CDT 2025: Nightly maintenance completed with errors (Price exit code: 1, Views exit code: 1)
----------------------------------------
Sun Sep 28 01:00:00 CDT 2025: Starting nightly maintenance (price refresh + materialized views)
Sun Sep 28 01:00:00 CDT 2025: Starting price refresh...
Traceback (most recent call last):
  File "/Users/joeyfoley/cursor_1/discogs_project/apps/postgres/discogs_collection_postgres_lab/discogs_downloader.py", line 13, in <module>
    import requests
ModuleNotFoundError: No module named 'requests'
Sun Sep 28 01:00:01 CDT 2025: Price refresh failed with exit code 1
Sun Sep 28 01:00:01 CDT 2025: Starting materialized views refresh...
Traceback (most recent call last):
  File "/Users/joeyfoley/cursor_1/discogs_project/apps/postgres/discogs_collection_postgres_lab/refresh_views.py", line 15, in <module>
    from core.database import PostgreSQLConnection
  File "/Users/joeyfoley/cursor_1/discogs_project/apps/postgres/discogs_collection_postgres_lab/core/database.py", line 5, in <module>
    import psycopg2
ModuleNotFoundError: No module named 'psycopg2'
Sun Sep 28 01:00:01 CDT 2025: Materialized views refresh failed with exit code 1
Sun Sep 28 01:00:01 CDT 2025: Nightly maintenance completed with errors (Price exit code: 1, Views exit code: 1)
----------------------------------------
Mon Sep 29 01:00:01 CDT 2025: Starting nightly maintenance (price refresh + materialized views)
Mon Sep 29 01:00:01 CDT 2025: Starting price refresh...
Traceback (most recent call last):
  File "/Users/joeyfoley/cursor_1/discogs_project/apps/postgres/discogs_collection_postgres_lab/discogs_downloader.py", line 13, in <module>
    import requests
ModuleNotFoundError: No module named 'requests'
Mon Sep 29 01:00:04 CDT 2025: Price refresh failed with exit code 1
Mon Sep 29 01:00:04 CDT 2025: Starting materialized views refresh...
Traceback (most recent call last):
  File "/Users/joeyfoley/cursor_1/discogs_project/apps/postgres/discogs_collection_postgres_lab/refresh_views.py", line 15, in <module>
    from core.database import PostgreSQLConnection
  File "/Users/joeyfoley/cursor_1/discogs_project/apps/postgres/discogs_collection_postgres_lab/core/database.py", line 5, in <module>
    import psycopg2
ModuleNotFoundError: No module named 'psycopg2'
Mon Sep 29 01:00:04 CDT 2025: Materialized views refresh failed with exit code 1
Mon Sep 29 01:00:04 CDT 2025: Nightly maintenance completed with errors (Price exit code: 1, Views exit code: 1)
----------------------------------------
Tue Sep 30 01:00:00 CDT 2025: Starting nightly maintenance (price refresh + materialized views)
Tue Sep 30 01:00:00 CDT 2025: Starting price refresh...
Traceback (most recent call last):
  File "/Users/joeyfoley/cursor_1/discogs_project/apps/postgres/discogs_collection_postgres_lab/discogs_downloader.py", line 13, in <module>
    import requests
ModuleNotFoundError: No module named 'requests'
Tue Sep 30 01:00:04 CDT 2025: Price refresh failed with exit code 1
Tue Sep 30 01:00:04 CDT 2025: Starting materialized views refresh...
Traceback (most recent call last):
  File "/Users/joeyfoley/cursor_1/discogs_project/apps/postgres/discogs_collection_postgres_lab/refresh_views.py", line 15, in <module>
    from core.database import PostgreSQLConnection
  File "/Users/joeyfoley/cursor_1/discogs_project/apps/postgres/discogs_collection_postgres_lab/core/database.py", line 5, in <module>
    import psycopg2
ModuleNotFoundError: No module named 'psycopg2'
Tue Sep 30 01:00:05 CDT 2025: Materialized views refresh failed with exit code 1
Tue Sep 30 01:00:05 CDT 2025: Nightly maintenance completed with errors (Price exit code: 1, Views exit code: 1)
----------------------------------------
Wed Oct  1 01:00:00 CDT 2025: Starting nightly maintenance (price refresh + materialized views)
Wed Oct  1 01:00:00 CDT 2025: Starting price refresh...
Traceback (most recent call last):
  File "/Users/joeyfoley/cursor_1/discogs_project/apps/postgres/discogs_collection_postgres_lab/discogs_downloader.py", line 13, in <module>
    import requests
ModuleNotFoundError: No module named 'requests'
Wed Oct  1 01:00:01 CDT 2025: Price refresh failed with exit code 1
Wed Oct  1 01:00:01 CDT 2025: Starting materialized views refresh...
Traceback (most recent call last):
  File "/Users/joeyfoley/cursor_1/discogs_project/apps/postgres/discogs_collection_postgres_lab/refresh_views.py", line 15, in <module>
    from core.database import PostgreSQLConnection
  File "/Users/joeyfoley/cursor_1/discogs_project/apps/postgres/discogs_collection_postgres_lab/core/database.py", line 5, in <module>
    import psycopg2
ModuleNotFoundError: No module named 'psycopg2'
Wed Oct  1 01:00:01 CDT 2025: Materialized views refresh failed with exit code 1
Wed Oct  1 01:00:01 CDT 2025: Nightly maintenance completed with errors (Price exit code: 1, Views exit code: 1)
----------------------------------------
